http://127.0.0.1/action
http://127.0.0.1/action
http://127.0.0.1/action?a=b
http://127.0.0.1/action?%3da%26=%3db%26
