HTTP/1.1 200 OK
Date: Mon, 01 Jan 2001 00:00:00 GMT
Content-Type: text/plain; charset=utf-8
Content-Length: 247

Reply
---------------------
URL: https:/foo%20bar;param1;param2=OK?name=foo%20bar
Parameter :param1=
Parameter :param2=OK
Query : name=foo bar
Header Content-Type: text/plain; charset=utf-8
Header Content-Length: -1
---------------------
200
