HTTP/1.1 200 OK
Date: 01-01-01T00:00:00Z+0000
Content-Type: text/plain; charset=utf-8
Content-Length: 166

Reply
---------------------
URL: //foo
Content: VfL Bochum 1848
Header Content-Type: text/plain; charset=utf-8
Header Content-Length: 15
---------------------
200
