Reply
---------------------
URL: https:/foo
Content: 
Header Accept: */*
Header Content-Type: text/plain; charset=utf-8
Header Host: localhost:8080
---------------------

